border_size=1
usage=map

Wo, Wo, Wo, Wo, Wo, Wo, Wo, Wo, Wo, Wo, Wo, Wo, Wo, Wo, Wo, Wo, Wo, Wo, Wo, Wo, Wo, Wo, Wo, Wo, Wo, Wo, Wo, Wo, Wo, Wo, Wo, Wo, Wo, Wo, Wo, Wo, Wo, Wo, Wo, Wo, Wo, Wo, Wo, Wo, Wo, Wo, Wo, Wo, Wo
Wo, Wo, Wo, Wo, Wo, Wo, Wo, Wo, Wo, Wo, Wo, Wo, Wo, Wo, Wo, Wo, Wo, Wo, Wo, Wo, Wog, Wog, Wog, Wo, Wog, Wo, Wog, Wog, Wog, Wo, Wo, Wo, Wo, Wo, Wo, Wo, Wo, Wo, Wo, Wo, Wo, Wo, Wo, Wo, Wo, Wo, Wo, Wo, Wo
Wo, Wo, Wo, Wo, Wo, Wo, Wo, Wo, Wo, Wo, Wo, Wo, Wo, Wo, Wo, Wo, Wo, Wo, Wo, Wog, Ch, Ch, Ch, Wog, Xos^Efs, Wog, Ch, Ch, Ch, Wog, Wo, Wo, Wo, Wo, Wo, Wo, Wo, Wo, Wo, Wo, Wo, Wo, Wo, Wo, Wo, Wo, Wo, Wo, Wo
Wo, Wo, Wo, Wo, Wo, Wo, Wo, Wo, Wo, Wo, Wo, Wo, Wo, Wo, Wo, Wo, Wo, Wo, Wo, Wog, Ch, Ch, Xos^Efs, Xos^Efs, Cud, Xos^Efs, Xos^Efs, Ch, Ch, Wog, Wo, Wo, Wo, Wo, Wo, Wo, Wo, Wo, Wo, Wo, Wo, Wo, Wo, Wo, Wo, Wo, Wo, Wo, Wo
Wo, Wo, Wo, Wo, Wo, Wo, Wo, Wo, Wo, Wo, Wo, Wo, Wo, Wo, Wo, Wo, Wo, Wo, Wo, Wog, Ch, Xos^Efs, Cud, Cud, Urb^Ii, Cud, Cud, Xos^Efs, Ch, Wog, Wo, Wo, Wo, Wo, Wo, Wo, Wo, Wo, Wo, Wo, Wo, Wo, Wo, Wo, Wo, Wo, Wo, Wo, Wo
Wog, Wo, Wog, Wo, Wo, Wo, Wo, Wo, Wo, Wo, Wo, Wo, Wo, Wo, Wo, Wo, Wo, Wo, Wo, Wog, Ch, Xos^Efs, Cud, Cud, Cud, Cud, Cud, Xos^Efs, Ch, Wog, Wo, Wo, Wo, Wo, Wo, Wo, Wo, Wo, Wo, Wo, Wo, Wo, Wo, Wo, Wo, Wo, Wo, Wo, Wo
Xos, Wog, Xos, Wog, Wog, Wo, Wo, Wo, Wo, Wo, Wo, Wo, Wo, Wo, Wo, Wo, Wo, Wo, Wo, Wog, Ch, Xos, Xos, Cud, Rrc^Bsb|, Cud, Xos, Xos, Ch, Wog, Wo, Wo, Wo, Wo, Wo, Wo, Wo, Wo, Wo, Wo, Wo, Wo, Wo, Wo, Wo, Wo, Wo, Wo, Wo
Ch, Xos, Ch, Xos^Efs, Ch, Wog, Wog, Wo, Wo, Wo, Wo, Wo, Wo, Wo, Wo, Wo, Wo, Wo, Wo, Wog, Ch, Ch, Ch, Wo^Bsb|, Wog^Bsb|, Rrc^Bsb|, Ch, Ch, Ch, Wog, Wo, Wo, Wo, Wo, Wo, Wo, Wot^Cov, Wot^Cov, Wot^Cov, Wo, Wo, Wo, Wo, Wo, Wo, Wo, Wo, Wo, Wo
Ch, Ch, Ch, Ch, Ch, Ch, Ch, Wog, Wog, Wo, Wo, Wo, Wo, Wo, Wo, Wo, Wo, Wo, Wo, Wog, Wog, Ch, Wog, Wo^Bsb|, Wo^Bsb|, Wog^Bsb|, Wog, Ch, Wog, Wog, Wo, Wo, Wo, Wo, Wo, Wo, Wot^Cov, Wot^Kov, Wot^Cov, Wo, Wo, Wo, Wo, Wo, Wo, Wo, Wo, Wo, Wo
Ch, Ch, Rr^Vd, Rr^Vd, Ch, Ch, Ch, Ch, Xos^Efs, Wog, Wo, Wo, Wo, Wo, Wo, Wo, Wo, Wo, Wo, Wo, Wo, Wog, Wog, Wo^Bsb|, Wo^Bsb|, Wo^Bsb|, Wog, Wog, Wo, Wo, Wo, Wo, Wo, Wo, Wo, Wo, Wo, Wot^Cov, Wo, Wo, Wog, Wo, Wo, Wo, Wo, Wo, Wo, Wo, Wo
Ch, Rr^Vd, Ch, Ch, Ch, Rr^Vd, Ch, Ch, Xos, Wog, Wo, Wo, Wo, Wo, Wo, Wo, Wo, Wo, Wo, Wo, Wo, Wo, Wog, Wo^Bsb|, Wog^Bsb|, Wo^Bsb|, Wog, Wo, Wo, Wo, Wo, Wo, Wo, Wo, Wo, Wo, Wo, Wo, Wog, Wog, Xos, Wog, Wog, Wo, Wo, Wo, Wo, Wo, Wo
Ch, Ch, Ch, Ch, Ch, Rr^Vd, Ch, Ch, Ch, Wog, Wog, Wo, Wo, Wo, Wo, Wo, Wo, Wo, Wog, Wo, Wo, Wo, Wog, Wo^Bsb|, Ch, Wog^Bsb|, Wog, Wo, Wo, Wo, Wog, Wo, Wo, Wo, Wo, Wo, Wog, Wog, Ch, Ch, Ch, Xos, Xos, Wog, Wog, Wo, Wo, Wo, Wog
Ch, Ch, Ch, 4 Kud, Ch, Ch, Ch, Ch, Ch, Ch, Ch, Wog, Wog, Wo, Wo, Wo, Wog, Wog, Xos^Efs, Wog, Wog, Wog, Xos^Efs, Ch, Ch, Ch, Xos^Efs, Wog, Wog, Wog, Xos^Efs, Wog, Wog, Wo, Wo, Wo, Wog, Xos, Ch, Ch, Ch, Ch, Ch, Xos, Xos, Wog, Wog, Wog, Xos
Ch, Ch, Ch, Ch, Ch, Ch, Ch, Ch, Xos, Ch, Ch, Ch, Ch, Wog, Wog, Wog, Ch, Xos^Efs, Ch, Ch, Ch, Xos^Efs, Xos^Efs, Ch, Ch, Ch, Xos^Efs, Xos^Efs, Ch, Ch, Ch, Xos^Efs, Ch, Wog, Wog, Wo, Wog, Xos, Ch, Ch, Ch, Ch, Ch, Ch, Ch, Xos, Xos, Xos, Ch
Xos, Ch, Ch, Ch, Ch, Rr^Vd, Ch, Ch, Xos, Ch, Ch, Ch, Ch, Ch, Xos, Ch, Ch, Ch, Rr^Vd, Ch, Ch, Ch, Ch, Ch, Ch, Ch, Ch, Ch, Ch, Ch, Rr^Vd, Ch, Ch, Ch, Xos^Efs, Wog, Wog, Xos, Ch, Ch, Ch, Ch, Ch, Ch, Ch, Ch, Ch, Ch, Ch
Ch, Xos, Xos, Ch, Ch, Ch, Xos, Xos, Ch, Ch, Ch, Ch, Ch, Ch, Ch, Xos, Ch, Ch, 2 Kud, Ch, Ch, Ch, Ch, Ch, Xos^Efs, Ch, Ch, Ch, Ch, Ch, 3 Kud, Ch, Ch, Xos^Efs, Ch, Ch, Ch, Xos, Ch, Ch, Ch, Ch, Ch, Ch, Ch, Ch, Ch, Ch, Ch
Ch, Ch, Ch, Ch, Ch, Ch, Ch, Ch, Ch, Ch, Rr^Vd, Ch, Ch, Ch, Ch, Xos, Ch, Ch, Rr^Vd, Ch, Ch, Ch, Xos^Efs, Xos^Efs, Xos, Xos^Efs, Xos^Efs, Ch, Ch, Ch, Rr^Vd, Ch, Ch, Xos, Ch, Ch, Ch, Ch, Ch, Ch, Ch, Rr^Vd, Rr^Vd, Ch, Ch, Ch, Ch, Ch, Ch
Ch, Ch, Ch, Ch, Rr^Vd, Ch, Ch, Ch, Ch, Ch, Ch, Ch, Rr^Vd, Ch, Ch, Xos, Ch, Ch, Ch, Ch, Ch, Xos^Efs, Xos, Xos^Efs, Ch, Xos, Xos, Xos^Efs, Ch, Ch, Ch, Ch, Ch, Xos, Ch, Ch, Ch, Ch, Ch, Ch, Ch, Ch, Ch, Rr^Vd, Rr^Vd, Ch, Ch, Ch, Ch
Ch, Ch, Ch, Ch, Ch, Ch, Ch, Ch, Ch, Ch, Ch, Ch, Ch, Ch, Ch, Xos, Xos, Ch, Ch, Ch, Xos, Xos, Ch, Ch, Ch, Ch, Ch, Xos, Xos, Ch, Ch, Ch, Xos, Xos, Ch, Ch, Ch, Ch, Ch, Rr^Vd, Rr^Vd, Ch, Ch, Ch, Ch, Rr^Vd, Ch, Ch, Ch
Ch, Ch, Ch, Ch, Ch, Ch, Ch, Ch, Rr^Vd, Ch, Ch, Ch, Ch, Ch, Ch, Ch, Ch, Ch, Ch, Ch, Ch, Ch, Ch, Ch, Ch, Ch, Ch, Ch, Ch, Ch, Ch, Ch, Ch, Ch, Ch, Ch, Ch, Ch, Ch, Ch, Ch, Rr^Vd, Rr^Vd, Ch, Ch, Ch, Ch, Ch, Ch
Ch, Ch, Ch, Ch, Ch, Ch, Ch, Ch, Ch, Ch, Ch, Ch, Ch, Ch, Ch, Ch, Ch, Ch, Ch, Ch, Ch, Ch, Ch, Ch, Ch, Ch, Ch, Ch, Ch, Ch, Ch, Ch, Ch, Ch, Ch, Ch, Ch, Rr^Vd, Rr^Vd, Ch, Ch, Ch, Ch, Rr^Vd, Ch, Ch, Ch, Ch, Ch
Ch, Ch, Ch, Ch, Ch, Ch, Ch, Ch, Ch, Ch, Ch, Rr^Vd, Ch, Ch, Ch, Rr^Vd, Ch, Ch, Ch, Ch, Ch, Ch, Ch, Ch, Xos^Efs, Ch, Ch, Ch, Ch, Ch, Ch, Ch, Ch, Ch, Ch, Ch, Ch, Ch, Ch, Rr^Vd, Rr^Vd, Ch, Ch, Ch, Ch, Ch, Rr^Vd, Ch, Ch
Ch, Ch, Ch, Ch, Rrc, Ch, Ch, Ch, Ch, Ch, Ch, Ch, Ch, Ch, Ch, Ch, Ch, Ch, Xos^Efs, Xos^Efs, Ch, Ch, Xos^Efs, Xos^Efs, Ch, Xos^Efs, Xos^Efs, Ch, Ch, Xos^Efs, Xos^Efs, Ch, Ch, Ch, Ch, Rr^Vd, Rr^Vd, Ch, Ch, Ch, Ch, Rr^Vd, Ch, Ch, Ch, Ch, Ch, Rr^Vd, Ch
Ch, Ch, Rrc, Rrc, Rrc, Rrc, Rrc, Ch, Ch, Ch, Ch, Ch, Ch, Ch, Ch, Ch, Ch, Ch, Xos^Efs, Ch, Rr^Vd, Ch, Ch, Ch, Ch, Ch, Ch, Ch, Rr^Vd, Ch, Xos, Ch, Ch, Ch, Ch, Ch, Ch, Rr^Vd, Rr^Vd, Ch, Ch, Ch, Ch, Ch, Rr^Vd, Ch, Ch, Ch, Ch
Rrc, Rrc, Rrc, Rrc, Ch, Rrc, Rrc, Rrc, Rrc, Ch, Ch, Ch, Ch, Ch, Ch, Ch, Ch, Ch, Xos, Ch, Rr^Vd, Ch, Ch, Ch, 6 Kud, Ch, Ch, Ch, Rr^Vd, Ch, Xos, Ch, Ch, Rr^Vd, Rr^Vd, Ch, Ch, Ch, Ch, Rr^Vd, Ch, Ch, Ch, Ch, Ch, Rr^Vd, Rr^Vd, Ch, Ch
Rrc, Rrc, Ch, Ch, Ch, Ch, Ch, Rrc, Rrc, Ch, Ch, Ch, Ch, Ch, Ch, Ch, Ch, Ch, Xos, Ch, Rr^Vd, Ch, Ch, Ch, Ch, Ch, Ch, Ch, Rr^Vd, Ch, Xos, Ch, Ch, Ch, Ch, Rr^Vd, Rr^Vd, Ch, Ch, Ch, Ch, Ch, Rr^Vd, Ch, Ch, Ch, Ch, Rr^Vd, Ch
Rrc, Rrc, Ch, Ch, 1 Kud, Ch, Ch, Rrc, Rrc, Ch, Ch, Ch, Ch, Ch, Ch, Ch, Ch, Ch, Xos, Ch, Ch, Ch, Xos, Ch, Ch, Ch, Xos, Ch, Ch, Ch, Xos, Ch, Ch, Ch, Ch, Ch, Ch, Rr^Vd, Ch, Ch, Ch, Ch, Ch, Rr^Vd, Rr^Vd, Ch, Ch, Ch, Ch
Rrc, Rrc, Ch, Ch, Ch, Ch, Ch, Rrc, Rrc, Ch, Ch, Ch, Ch, Ch, Ch, Ch, Ch, Ch, Ch, Xos, Ch, Ch, Ch, Xos, Xos, Xos, Ch, Ch, Ch, Xos, Ch, Ch, Ch, Ch, Ch, Ch, Ch, Ch, Ch, Ch, Rr^Vd, Ch, Ch, Ch, Ch, Rr^Vd, Rr^Vd, Ch, Ch
Rrc, Rrc, Rrc, Ch, Ch, Ch, Rrc, Rrc, Rrc, Ch, Ch, Ch, Ch, Ch, Ch, Ch, Ch, Ch, Ch, Ch, Ch, Ch, Ch, Ch, Ch, Ch, Ch, Ch, Ch, Ch, Ch, Ch, Ch, Ch, Ch, Ch, Ch, Ch, Ch, Ch, Ch, Rr^Vd, Rr^Vd, Ch, Ch, Ch, Ch, Ch, Ch
Rrc, Rrc, Rrc, Rrc, Rrc, Rrc, Rrc, Rrc, Ch, Ch, Ch, Ch, Ch, Ch, Ch, Ch, Ch, Ch, Ch, Ch, Ch, Ch, Ch, Ch, Ch, Ch, Ch, Ch, Ch, Ch, Ch, Ch, Ch, Ch, Ch, Ch, Ch, Ch, Ch, Ch, Ch, Ch, Ch, Ch, Ch, Ch, Ch, Ch, Ch
